Copyright 1986-2021 Xilinx, Inc. All Rights Reserved.
------------------------------------------------------------------------------------
| Tool Version : Vivado v.2021.2 (win64) Build 3367213 Tue Oct 19 02:48:09 MDT 2021
| Date         : Sun Aug  2 17:56:24 2026
| Host         : Jinjin running 64-bit major release  (build 9200)
| Command      : upgrade_ip
| Device       : xc7z020clg400-1
------------------------------------------------------------------------------------

Upgrade Log for IP 'design_1_rv_pipe_1_0'

1. Summary
----------

SUCCESS in the upgrade of design_1_rv_pipe_1_0 (user.org:user:rv_pipe:1.1) from (Rev. 1) to (Rev. 2)






Copyright 1986-2021 Xilinx, Inc. All Rights Reserved.
------------------------------------------------------------------------------------
| Tool Version : Vivado v.2021.2 (win64) Build 3367213 Tue Oct 19 02:48:09 MDT 2021
| Date         : Sun Aug  2 17:43:59 2026
| Host         : Jinjin running 64-bit major release  (build 9200)
| Command      : upgrade_ip
| Device       : xc7z020clg400-1
------------------------------------------------------------------------------------

Upgrade Log for IP 'design_1_rv_pipe_1_0'

1. Summary
----------

SUCCESS in the upgrade of design_1_rv_pipe_1_0 from user.org:user:rv_pipe:1.0 (Rev. 2) to user.org:user:rv_pipe:1.1 (Rev. 1)






Copyright 1986-2021 Xilinx, Inc. All Rights Reserved.
------------------------------------------------------------------------------------
| Tool Version : Vivado v.2021.2 (win64) Build 3367213 Tue Oct 19 02:48:09 MDT 2021
| Date         : Sun Aug  2 15:05:14 2026
| Host         : Jinjin running 64-bit major release  (build 9200)
| Command      : upgrade_ip
| Device       : xc7z020clg400-1
------------------------------------------------------------------------------------

Upgrade Log for IP 'design_1_rv_pipe_0_0'

1. Summary
----------

SUCCESS in the upgrade of design_1_rv_pipe_0_0 from user.org:user:rv_pipe:1.0 (Rev. 2) to user.org:user:rv_pipe:1.1 (Rev. 1)

