#! /usr/bin/vvp
:ivl_version "12.0 (stable)";
:ivl_delay_selection "TYPICAL";
:vpi_time_precision + 0;
:vpi_module "/usr/lib/x86_64-linux-gnu/ivl/system.vpi";
:vpi_module "/usr/lib/x86_64-linux-gnu/ivl/vhdl_sys.vpi";
:vpi_module "/usr/lib/x86_64-linux-gnu/ivl/vhdl_textio.vpi";
:vpi_module "/usr/lib/x86_64-linux-gnu/ivl/v2005_math.vpi";
:vpi_module "/usr/lib/x86_64-linux-gnu/ivl/va_math.vpi";
S_0x64389facd4c0 .scope module, "pc" "pc" 2 1;
 .timescale 0 0;
    .port_info 0 /INPUT 1 "clk";
    .port_info 1 /INPUT 1 "reset";
    .port_info 2 /INPUT 1 "en";
    .port_info 3 /INPUT 32 "pc_next";
    .port_info 4 /OUTPUT 32 "pc_q";
P_0x64389facd650 .param/l "WIDTH" 0 2 2, +C4<00000000000000000000000000100000>;
o0x72d9702e6018 .functor BUFZ 1, C4<z>; HiZ drive
v0x64389facf400_0 .net "clk", 0 0, o0x72d9702e6018;  0 drivers
o0x72d9702e6048 .functor BUFZ 1, C4<z>; HiZ drive
v0x64389fb155b0_0 .net "en", 0 0, o0x72d9702e6048;  0 drivers
o0x72d9702e6078 .functor BUFZ 32, C4<zzzzzzzzzzzzzzzzzzzzzzzzzzzzzzzz>; HiZ drive
v0x64389fb15670_0 .net "pc_next", 31 0, o0x72d9702e6078;  0 drivers
v0x64389fb15760_0 .var "pc_q", 31 0;
o0x72d9702e60d8 .functor BUFZ 1, C4<z>; HiZ drive
v0x64389fb15840_0 .net "reset", 0 0, o0x72d9702e60d8;  0 drivers
E_0x64389fb06550 .event posedge, v0x64389facf400_0;
    .scope S_0x64389facd4c0;
T_0 ;
    %wait E_0x64389fb06550;
    %load/vec4 v0x64389fb15840_0;
    %nor/r;
    %flag_set/vec4 8;
    %jmp/0xz  T_0.0, 8;
    %pushi/vec4 0, 0, 32;
    %assign/vec4 v0x64389fb15760_0, 0;
    %jmp T_0.1;
T_0.0 ;
    %load/vec4 v0x64389fb155b0_0;
    %flag_set/vec4 8;
    %jmp/0xz  T_0.2, 8;
    %load/vec4 v0x64389fb15670_0;
    %assign/vec4 v0x64389fb15760_0, 0;
T_0.2 ;
T_0.1 ;
    %jmp T_0;
    .thread T_0;
# The file index is used to find the file name in the following table.
:file_names 3;
    "N/A";
    "<interactive>";
    "/home/daphne_li/verilog/Lab/code_repo/CITHN10001_Final_Group_Work/src/pc.v";
